---
source: components/markdown/tests/markdown.rs
assertion_line: 165
expression: body
---
<p><a rel="external" href="https://google.com">https://google.com</a></p>
